// Jest Snapshot v1, https://goo.gl/fbAQLP

exports[`renders correctly 1`] = `
<a
  className="navLink"
  onClick={[Function]}
  style={Object {}}
>
  Somewhere
</a>
`;
